[www.karomahaqiqah.com/index.html]
[backblue.gif]
[fade.gif]
[index.html]
[www.karomahaqiqah.com/favicon.ico]
[www.karomahaqiqah.com/feeds/posts/default]
[www.karomahaqiqah.com/feeds/posts/default9522]
[ajax.googleapis.com/ajax/libs/jquery/1/jquery.min.js]
[maxcdn.bootstrapcdn.com/font-awesome/4.7.0/css/font-awesome.min.css]
[apis.google.com/js/plusone.js]
[pagead2.googlesyndication.com/pagead/js/f.txt]
[3.bp.blogspot.com/-tN4ujimnWKw/WrmStRyK74I/AAAAAAAABag/iOCBvNpFDYkJZ-lq5BV1an2amZ-9DrXbgCK4BGAYYCw/s1600/karomah-aqiqah-logo.png]
[resources.blogblog.com/img/icon18_wrench_allbkg.png]
[4.bp.blogspot.com/-1uErt3EeMyg/Wrp2JCsTmpI/AAAAAAAABcE/AFWCKl9PWjgu1M4JDwjSLCuRwUYoJQxuwCLcBGAs/s1600/aqiqah.jpg]
[1.bp.blogspot.com/-9KejOrBSCW8/WroEOmtzorI/AAAAAAAABas/qj8XABDzkvMvxDfBymhFVyYj2cvhZigNACLcBGAs/s1600/sate-aqiqah.png]
[1.bp.blogspot.com/-10VvZ7Holis/WN5_el8inOI/AAAAAAAAAZ4/jBC7F4ZfkT8MInInfgABwL17PDPRu2JywCLcB/s1600/arr.png]
[2.bp.blogspot.com/-k_-0eNcM3o8/WrrRFJ8uBqI/AAAAAAAABck/Yef3MaNlTI0hZG3kubjUInMzanLx13_4QCLcBGAs/s1600/karomah-aqiqah1.jpg]
[4.bp.blogspot.com/-t4PeiBVkHSE/WrrRFGOK65I/AAAAAAAABcs/aYD1iZH9LOQLFBKOKiVMA7GAlIz-6h2-wCLcBGAs/s1600/karomah-aqiqah2.jpg]
[1.bp.blogspot.com/-szVvdwtRoCA/WrrRFBBFBkI/AAAAAAAABco/7t67akIkLGAnGmIpK5GcdpU_NWf111_zQCLcBGAs/s1600/karomah-aqiqah3.jpg]
[4.bp.blogspot.com/-mVUieqJrAw4/WrrRGeE4dpI/AAAAAAAABcw/dHhru9Oh_cIOG01xkMGUJxogccSgILPnQCLcBGAs/s1600/karomah-aqiqah4.jpg]
[1.bp.blogspot.com/-SZgnlHImiE8/WroHlrlDgQI/AAAAAAAABbQ/M38iLRW52es_c4tSWSoq92NwPSa8e-2KQCLcBGAs/s1600/berpengalaman.png]
[4.bp.blogspot.com/-Z1MK6o13o5w/WroGiBhITYI/AAAAAAAABbA/G8EeCnDAJNwxgltyz-GzFoqvkpePgdqjwCLcBGAs/s1600/halal.png]
[3.bp.blogspot.com/-aoIRNtVBKHs/WroHLH7HKmI/AAAAAAAABbM/KnIR6Hfyvu0LvFaomLKmQ7TxWMlF5Zv2ACLcBGAs/s1600/delivery.png]
[2.bp.blogspot.com/-3eVhTT3g_zQ/WrojdIQQGII/AAAAAAAABbo/8Iwvo30yci0D_NYTkqxGuHPUzJV7cuKLACLcBGAs/s320/krengsengan-kambing-karomah.jpeg]
[4.bp.blogspot.com/-YZ0yniNlgew/WrojdMq57kI/AAAAAAAABbs/ABYW0D59DO8D59B1b8DkZHk0SpPGPS1CQCLcBGAs/s320/sate-kambing-karomah.jpeg]
[1.bp.blogspot.com/-my1QSG6_JwM/WrojdNY862I/AAAAAAAABbk/Qzq0ZDUywykWxDtdQZsJ47-JSsoP-kfBQCLcBGAs/s320/sate-komoh-khas-karomah.jpeg]
[4.bp.blogspot.com/-ERza_aJWKaQ/WrrI_b1D2yI/AAAAAAAABcU/kdFoHH9xAHkO4LBMU6as-nXmTodsG3PLQCLcBGAs/s320/gulekambing-karomah.jpeg]
[1.bp.blogspot.com/-eag8__9mYVU/WsG7LEOni_I/AAAAAAAAA4A/2weOWpeRDT4AhE3UR2XSHdpzcJiY3xqEwCLcBGAs/s1600/paket1.png]
[2.bp.blogspot.com/-PLe1oB-sUWQ/WsG7LbcAp-I/AAAAAAAAA4I/WeslNpGpL5s5xMZydH1f4qhFhNJnhNsRACLcBGAs/s1600/paket2.png]
[2.bp.blogspot.com/-VD_5hlrAM68/WsG7Le0jkmI/AAAAAAAAA4E/RHoCVRaCcdoyjuf_z2GLq77JiyW5z0v0QCLcBGAs/s1600/paket3.png]
[2.bp.blogspot.com/-lAh_AL7IuUs/WsG7MZrNxII/AAAAAAAAA4M/22pMZZiXi54qlnjtoRiFHo_K1bs9gUxHQCLcBGAs/s1600/paket4.png]
[3.bp.blogspot.com/-ido4HVnOi5Y/WsG7Mrd9oEI/AAAAAAAAA4Q/iWxh5o9j_u8hpOpRBupG4j5dxmb-hK9dwCLcBGAs/s1600/paket5.png]
[2.bp.blogspot.com/-egqvrwnnnRI/WsG7MnGE6uI/AAAAAAAAA4U/rJaGblW4oqQTkunPZS67dNM6-8R9SX-qQCLcBGAs/s1600/paket6.png]
[3.bp.blogspot.com/-h53QGL4LTk0/WsG_fFlldHI/AAAAAAAAA44/sWP2odNe2-oqxdPahU_YP9CK2J2voVpfwCLcBGAs/s1600/paket7.png]
[4.bp.blogspot.com/-dz8lW_zs-3E/WsG_fa6JhMI/AAAAAAAAA48/0DEEpM8taD0_HFwxoW1lOSW1bV1Io_zUACLcBGAs/s1600/paket8.png]
[karomahaqiqah.com/img/aqiqah-malang-01.png]
[karomahaqiqah.com/img/aqiqah-malang-02.png]
[karomahaqiqah.com/img/aqiqah-malang-03.png]
[4.bp.blogspot.com/-g6CjHkhcYUA/WH9u4ApEmiI/AAAAAAAAAFk/eFenCCERHtwfr1v0NSnoYN54XyDLUXasQCLcB/s1600/zul-ava.png]
[1.bp.blogspot.com/-h5KKXNL0Ikc/WH-Lnz__xDI/AAAAAAAAAF0/twe4faoOGIg5fbToV2Sr9Bfu5piTEyecACLcB/s1600/star.png]
[4.bp.blogspot.com/-4X5UTS8DVBk/WNhpPrC7XVI/AAAAAAAAAX8/kfpFiIIxdX8NbkDRjcmniUJOz49_bkEEQCLcB/s1600/call-icon.png]
[1.bp.blogspot.com/-moEiikjssEg/WNhpQeIfUMI/AAAAAAAAAYI/pe91i2eChsQ0rQ0W6S8-mXUOQkccUriagCLcB/s1600/sms-icon.png]
[1.bp.blogspot.com/-C-VHuYpUzKY/WNhpQbLFfjI/AAAAAAAAAYM/fPYg6uxQFx4Y6Pzeqa7-e5MfLLoqtUfLQCLcB/s1600/whatsapp-icon.png]
[3.bp.blogspot.com/-dwZ9txNI5us/WNhpPgV66JI/AAAAAAAAAX4/zX2jpL3V_FMF5GgJ9asQ0ndzWBDgPSJmgCLcB/s1600/bbm-icon.png]
[3.bp.blogspot.com/-zHZKRpMR1ss/WNhpQOLJVhI/AAAAAAAAAYE/D8yUkmn-EEUn6oxwEjKwihrEgztb7oJPQCLcB/s1600/telegram-icon.png]
[www.blogger.com/img/logo-16.png]
[www.google.com/images/icons/ui/gprofile_button-16.png]
[www.blogger.com/static/v1/widgets/2518973450-widgets.js]
[www.karomahaqiqah.com/index.html]
[www.karomahaqiqah.com/search/label/index.html]
[www.blogger.com/img/widgets/stats-flipper.png]
[resources.blogblog.com/img/widgets/s_top.png]
[www.blogger.com/static/v1/widgets/2727757643-css_bundle_v2.css]
[maxcdn.bootstrapcdn.com/font-awesome/4.7.0/css/font-awesome.min.css]
[www.blogger.com/dyn-css/authorizationf3a2.css]
[www.karomahaqiqah.com/search.html]
[www.blogger.com/static/v1/widgets/3113432887-widgets.js]
[www.karomahaqiqah.com/search/label/index.html]
[www.karomahaqiqah.com/search.html]
